ASxxxx Linker V05.00,  page 1.
Hexidecimal  [16-Bits]

Area                       Addr        Size        Decimal Bytes (Attributes)
--------------------       ----        ----        ------- ----- ------------
.  .ABS.                   0000        0000 =           0. bytes (ABS,OVR,CSEG)

         Value  Global                             Global Defined In Module
         -----  --------------------------------   ------------------------
          0000  l_.bss                          
          0000  s_.freetimer                    
          0000  l__DATA                         
          0000  l__CODE                         
          0000  s__DATA                         
          0000  s_.globalflag                   
          0000  s__CODE                         
          0000  l_.data                         
          0000  s_.data                         
          0000  s_.flag                         
          0000  l_registers                     
          0000  s_.ctors                        
          0000  l_mbmodes                       
          0000  l_timedmodes                    
          0000  .__.ABS.                           mach_switchmasks.c
          0001  l_.freetimer                    
          0002  l_.ctors                        
          0002  l_.dtors                        
          0002  s_.dtors                        
          0004  l_.globalflag                   
          0004  s_.bss                          
          0004  s_direct                        
          001E  l_permanent                     
          001E  l_local                         
          0020  l_vector                        
          0021  l_.flag                         
          00E1  l_direct                        
          0100  l_dirtab                        
          0100  s_ram                           
          019C  l_nvram                         
          1042  l_ram                           
          1400  s_local                         
          1600  s_permanent                     
          1810  s_nvram                         
          1F00  s_dirtab                        
          1F01  l_page57                        
          22FD  l_page61                        
          2B2E  l_page52                        
          308E  l_page54                        
          31D0  l_page59                        
          33D6  l_page58                        
          3615  l_page56                        
          3B97  l_page55                        
          3D6A  l_page60                        
          3FC7  l_page53                        
          4000  s_page60                        
          4000  s_page61                        
          4000  s_page52                        
          4000  s_page53                        
          4000  s_page54                        
ASxxxx Linker V05.00,  page 2.
Hexidecimal  [16-Bits]

Area                       Addr        Size        Decimal Bytes (Attributes)
--------------------       ----        ----        ------- ----- ------------
.  .ABS.                   0000        0000 =           0. bytes (ABS,OVR,CSEG)

         Value  Global                             Global Defined In Module
         -----  --------------------------------   ------------------------
          4000  s_page55                        
          4000  s_page56                        
          4000  s_page57                        
          4000  s_page58                        
          4000  s_page59                        
          79CA  l_.text                         
          8000  s_.text                         
          FFB0  s_registers                     
          FFB0  s_mbmodes                       
          FFB0  s_timedmodes                    
          FFF0  s_vector                        

ASxxxx Linker V05.00,  page 3.
Hexidecimal  [16-Bits]

Area                       Addr        Size        Decimal Bytes (Attributes)
--------------------       ----        ----        ------- ----- ------------
.text                      8000        79CA =       31178. bytes (REL,CON,CSEG)

         Value  Global                             Global Defined In Module
         -----  --------------------------------   ------------------------
          8000  _mach_opto_mask                    mach_switchmasks.c
          800A  _mach_edge_switches                mach_switchmasks.c
          8014  _score_table                       mach_scores.c
          80C8  _switch_table                      mach_switches.c
          8348  _dev_top_sol_ops                   mach_containers.c
          8356  _dev_subway_vuk_ops                mach_containers.c
          8364  _dev_trough_ops                    mach_containers.c
          8372  _dev_eyeball_eject_ops             mach_containers.c
          83A8  _device_properties_table           mach_containers.c
          83E0  _sol_time_table                    mach_drives.c
          8410  _sol_duty_table                    mach_drives.c
          8440  _deff_table                        mach_deffs.c
          866B  _font_table                        mach_fonts.c
          8689  __far_call_handler                 farcall.s
          86AC  _far_indirect_call_handler         farcall.s
          86AC  _far_indirect_call_value_handler   farcall.s
          86C3  _far_call_pointer_handler          farcall.s
          86DF  _far_read8                         farcall.s
          86F1  _far_read_pointer                  farcall.s
          86F1  _far_read16                        farcall.s
          8703  _task_save                         task_6809.s
          8742  _task_restore                      task_6809.s
          877C  _task_create                       task_6809.s
          878B  _task_stack_reset                  task_6809.s
          8793  _memset                            asm_string
          87C5  _memcpy                            asm_string
          881A  _strlen                            asm_string
          8827  _strcpy                            asm_string
          883D  _bcd_string_add                    bcd_string
          8850  _bcd_string_increment              bcd_string
          885F  _bcd_string_sub                    bcd_string
          8886  _measure_irq_load                  irqload
          88AA  _divide32                          div32.s
          8921  _bitmap_blit_asm                   bitmap_6809.s
          89BA  _bitmap_erase_asm                  bitmap_6809.s
          89FE  _dmd_clean_page                    dmd_6809.s
          8A3E  _dmd_copy_asm                      dmd_6809.s
          8A6B  _frame_decode_rle_asm              dmd_6809.s
          8A9D  _frame_decode_sparse_asm           dmd_6809.s
          8AC2  _dmd_or_page                       dot_6809.s
          8AF8  _dmd_and_page                      dot_6809.s
          8B2E  _dmd_xor_page                      dot_6809.s
          8B64  _dmd_shadow                        
          8BE9  _start                             start.s
          8CF7  _div10                             div10.c
          8D23  _idle_profile_rtt                  task.c
          8D30  _idle_profile_idle_every_100ms     task.c
          8D31  _task_dump                         task.c
          8D32  _block_allocate                    task.c
          8D74  _task_chunk_amode_start            task.c
ASxxxx Linker V05.00,  page 4.
Hexidecimal  [16-Bits]

Area                       Addr        Size        Decimal Bytes (Attributes)
--------------------       ----        ----        ------- ----- ------------
.text                      8000        79CA =       31178. bytes (REL,CON,CSEG)

         Value  Global                             Global Defined In Module
         -----  --------------------------------   ------------------------
          8DAD  _task_create_gid                   task.c
          8DC2  _task_setgid                       task.c
          8DC7  _task_set_periodic                 task.c
          8DD0  _task_find_gid_next                task.c
          8DFE  _task_find_gid                     task.c
          8E2C  _task_set_duration                 task.c
          8E30  _task_add_duration                 task.c
          8E41  _task_remove_duration              task.c
          8E4B  _task_get_arg                      task.c
          8E50  _task_get_pointer_arg              task.c
          8E55  _task_set_arg                      task.c
          8E5D  _task_set_pointer_arg              task.c
          8E65  _task_dispatcher                   task.c
          8EC0  _task_kill_pid                     task.c
          8ECE  _task_duration_expire              task.c
          8F09  _task_kill_gid                     task.c
          8F4B  _task_exit                         task.c
          8F59  _task_allocate                     task.c
          8FAA  _task_init                         task.c
          8FCB  _task_sleep_periodic               task.c
          8FD7  _task_sleep_sec1                   task.c
          8FF2  _task_sleep                        task.c
          900B  _frame_init                        frame.c
          900C  _bmp_draw                          frame.c
          9072  _frame_decode                      frame.c
          908F  _frame_draw_plane                  frame.c
          90C9  _frame_draw                        frame.c
          90E3  _idle_init                         idle.c
          90F3  _do_periodic                       idle.c
          913E  _lang_init                         lang.c
          9144  _log_init                          log.c
          914B  _mb_mode_running_count             mbmode.c
          914F  _mb_mode_start_ball                mbmode.c
          9153  _mbmode_start_ball                 mbmode.c
          9157  _mb_mode_display_update            mbmode.c
          9171  _mb_mode_music_refresh             mbmode.c
          91CF  _mb_mode_end_ball                  mbmode.c
          91E7  _mb_mode_single_ball               mbmode.c
          921A  _mb_mode_active_task               mbmode.c
          9239  _mb_mode_restart                   mbmode.c
          9268  _mb_mode_start                     mbmode.c
          9294  _null_true_function                misc.c
          9297  _null_false_function               misc.c
          9299  _null_function                     misc.c
          929A  _puts_debug                        puts.c
          92A8  _random                            random.c
          92D0  _random_scaled                     random.c
          92E0  _random_idle_every_second          random.c
          92F3  _random_hw_event                   random.c
          92F7  _random_init                       random.c
          9301  _copyright                         sysinfo.c
ASxxxx Linker V05.00,  page 5.
Hexidecimal  [16-Bits]

Area                       Addr        Size        Decimal Bytes (Attributes)
--------------------       ----        ----        ------- ----- ------------
.text                      8000        79CA =       31178. bytes (REL,CON,CSEG)

         Value  Global                             Global Defined In Module
         -----  --------------------------------   ------------------------
          9377  _timed_mode_get_timer              timedmode.c
          937B  _timed_mode_get_timer_total        timedmode.c
          937E  _timed_mode_running_p              timedmode.c
          9397  _timed_mode_effect_running_p       timedmode.c
          93B0  _timed_mode_device_running_p       timedmode.c
          93B9  _timed_mode_display_update         timedmode.c
          93DA  _timed_mode_music_refresh          timedmode.c
          93FF  _timed_mode_reset                  timedmode.c
          9432  _timed_mode_add                    timedmode.c
          94CD  _timed_mode_end2                   timedmode.c
          94DE  _timed_mode_end                    timedmode.c
          94EE  _timed_mode_begin                  timedmode.c
          9513  _dump_deffs                        deff.c
          9514  _deff_get_active                   deff.c
          9518  _deff_queue_reset                  deff.c
          952A  _deff_queue_find                   deff.c
          953C  _deff_queue_find_priority          deff.c
          959C  _deff_queue_add                    deff.c
          95D0  _deff_queue_delete                 deff.c
          95EC  _deff_init                         deff.c
          9607  _deff_start_bg                     deff.c
          9633  _deff_end_ball                     deff.c
          96A0  _deff_start                        deff.c
          96F6  _deff_start_sync                   deff.c
          9726  _deff_restart                      deff.c
          9745  _deff_stop                         deff.c
          977C  _deff_update                       deff.c
          97D0  _deff_queue_service                deff.c
          981A  _deff_nice                         deff.c
          982E  _deff_flipper_abort                deff.c
          9856  _deff_stop_all                     deff.c
          989E  _deff_exit                         deff.c
          98AF  _deff_delay_and_exit               deff.c
          98B5  _font_lookup                       font.c
          98E8  _font_lookup_char                  font.c
          99C7  _fontargs_render_glyph             font.c
          99D0  _bitmap_blit                       font.c
          9A66  _fontargs_render_string_right      font.c
          9A76  _fontargs_render_string_center     font.c
          9A9A  _fontargs_render_string_left       font.c
          9AA0  _bitmap_blit2                      font.c
          9AC3  _validate_num_players              game.c
          9AD1  _game_factory_reset                game.c
          9AD7  _game_init                         game.c
          9AF6  _game_display_update               game.c
          9B37  _stop_game                         game.c
          9B7D  _add_player                        game.c
          9BA8  _set_valid_playfield               game.c
          9BC4  _try_validate_playfield            game.c
          9BEC  _start_ball                        game.c
          9C9C  _end_ball                          game.c
ASxxxx Linker V05.00,  page 6.
Hexidecimal  [16-Bits]

Area                       Addr        Size        Decimal Bytes (Attributes)
--------------------       ----        ----        ------- ----- ------------
.text                      8000        79CA =       31178. bytes (REL,CON,CSEG)

         Value  Global                             Global Defined In Module
         -----  --------------------------------   ------------------------
          9D1A  _end_game                          game.c
          9D2C  _end_ball2                         game.c
          9D7E  _game_bonus_complete               game.c
          9D86  _amode_stop                        game.c
          9D9C  _start_game                        game.c
          9DE3  _game_start_button_handler         game.c
          9E54  _amode_start                       game.c
          9EB3  _generic_ladder_reset              ladder.c
          9EB7  _generic_ladder_advance            ladder.c
          9EC6  _fixed_ladder_scorex               ladder.c
          9ECB  _fixed_ladder_score                ladder.c
          9ED2  _fixed_ladder_advance              ladder.c
          9EFC  _fixed_ladder_scorex_and_advance   ladder.c
          9F10  _fixed_ladder_score_and_advance    ladder.c
          9F26  _fixed_ladder_reset                ladder.c
          9F35  _generic_ladder_score              ladder.c
          9F4A  _generic_ladder_score_and_advanc   ladder.c
          9F76  _lamplist_lookup                   lamplist.c
          9F9B  _lamplist_index                    lamplist.c
          9FCF  _lamplist_first_entry              lamplist.c
          9FD9  _lamplist_last_entry               lamplist.c
          A00C  _lamplist_apply_nomacro            lamplist.c
          A04B  _lamplist_test_all                 lamplist.c
          A097  _lamplist_test_any                 lamplist.c
          A0E3  _lamplist_build_increment          lamplist.c
          A160  _lamplist_rotate_previous          lamplist.c
          A208  _lamplist_rotate_next              lamplist.c
          A2BD  _lamplist_build_decrement          lamplist.c
          A360  _lamplist_apply_step               lamplist.c
          A3FD  _lamplist_apply                    lamplist.c
          A485  _lamplist_apply_leff_alternating   lamplist.c
          A494  _lamplist_step_increment           lamplist.c
          A539  _lamplist_step_decrement           lamplist.c
          A61C  _lamp_alternating                  lamplist.c
          A62F  _lamplist_set_apply_delay          lamplist.c
          A649  _lamp_set_copy                     lampset.c
          A66C  _lamp_set_add                      lampset.c
          A6AF  _lamp_set_subtract                 lampset.c
          A6FE  _lamp_set_disjoint                 lampset.c
          A7CC  _lamp_set_zero                     lampset.c
          A7D8  _player_restore                    player.c
          A83D  _player_save                       player.c
          A8A2  _player_start_game                 player.c
          A8D4  _digit2char                        printf.c
          A8DE  _do_sprintf_long_decimal           printf.c
          A95B  _do_sprintf_hex_byte               printf.c
          A9A2  _do_sprintf_hex                    printf.c
          A9B8  _sprintf_far_string                printf.c
          A9EA  _printf_amode_start                printf.c
          A9FB  _printf_init                       printf.c
          AA01  _do_sprintf_decimal                printf.c
ASxxxx Linker V05.00,  page 7.
Hexidecimal  [16-Bits]

Area                       Addr        Size        Decimal Bytes (Attributes)
--------------------       ----        ----        ------- ----- ------------
.text                      8000        79CA =       31178. bytes (REL,CON,CSEG)

         Value  Global                             Global Defined In Module
         -----  --------------------------------   ------------------------
          AA4D  _sprintf                           printf.c
          AE43  _sprintf_score                     printf.c
          AE5C  _score_compare                     score.c
          AEA4  _score_deff_get                    score.c
          AEA8  _score_init                        score.c
          AEAF  _score_multiplier_set              score.c
          AEBD  _score_start_ball                  score.c
          AEC8  _scores_reset                      score.c
          AEF2  _score_factory_reset               score.c
          AEF5  _score_zero                        score.c
          AEFF  _score_sub                         score.c
          AF04  _score_add                         score.c
          AF33  _score_add_byte                    score.c
          AF64  _score_award_compact               score.c
          AFA7  _score_copy                        score.c
          AFBA  _score_deff_set                    score.c
          AFD3  _score_long_unmultiplied           score.c
          AFF3  _score_mul                         score.c
          B028  _score_long_multiple               score.c
          B057  _score                             score.c
          B068  _score_multiple                    score.c
          B082  _score_long                        score.c
          B087  _task_recreate_gid                 task.c
          B099  _task_create_gid1                  task.c
          B0B3  _left_sling_enable                 left_sling.c
          B0BA  _left_sling_disable                left_sling.c
          B0C1  _left_sling_init                   left_sling.c
          B0CA  _left_sling_start_ball             left_sling.c
          B0D1  _left_sling_end_ball               left_sling.c
          B0D8  _right_sling_enable                right_sling.c
          B0DF  _right_sling_disable               right_sling.c
          B0E6  _right_sling_init                  right_sling.c
          B0EF  _right_sling_start_ball            right_sling.c
          B0F6  _right_sling_end_ball              right_sling.c
          B0FD  _left_jet_enable                   left_jet.c
          B104  _left_jet_disable                  left_jet.c
          B10B  _left_jet_init                     left_jet.c
          B114  _left_jet_start_ball               left_jet.c
          B11B  _left_jet_end_ball                 left_jet.c
          B122  _right_jet_enable                  right_jet.c
          B129  _right_jet_disable                 right_jet.c
          B130  _right_jet_init                    right_jet.c
          B139  _right_jet_start_ball              right_jet.c
          B140  _right_jet_end_ball                right_jet.c
          B147  _top_sling_enable                  top_sling.c
          B14E  _top_sling_disable                 top_sling.c
          B155  _top_sling_init                    top_sling.c
          B15E  _top_sling_start_ball              top_sling.c
          B165  _top_sling_end_ball                top_sling.c
          B16C  _diverter_start                    diverter.c
          B179  _diverter_stop                     diverter.c
ASxxxx Linker V05.00,  page 8.
Hexidecimal  [16-Bits]

Area                       Addr        Size        Decimal Bytes (Attributes)
--------------------       ----        ----        ------- ----- ------------
.text                      8000        79CA =       31178. bytes (REL,CON,CSEG)

         Value  Global                             Global Defined In Module
         -----  --------------------------------   ------------------------
          B184  _diverter_init                     diverter.c
          B187  _diverter_tilt                     diverter.c
          B192  _elevator_init                     elevator.c
          B19A  _elevator_bump_down                elevator.c
          B1C1  _elevator_bump_up                  elevator.c
          B1E8  _elevator_move_down                elevator.c
          B20F  _elevator_move_up                  elevator.c
          B236  _elevator_bump_monitor             elevator.c
          B254  _elevator_move_monitor             elevator.c
          B269  _elevator_stop                     elevator.c
          B27C  _elevator_tilt                     elevator.c
          B283  _elevator_SW_ELEVATOR_INDEX        elevator.c
          B28D  _elevator_SW_ELEVATOR_HOLD         elevator.c
          B297  _claw_go_left                      claw.c
          B2B2  _claw_go_right                     claw.c
          B2CF  _claw_stop                         claw.c
          B2E2  _claw_SW_CLAW_POSITION_2           claw.c
          B2EB  _claw_SW_CLAW_POSITION_1           claw.c
          B2F4  _claw_init                         claw.c
          B2FD  _claw_tilt                         claw.c
          B305  _claw_bump_right                   claw.c
          B332  _claw_bump_left                    claw.c
          B35D  _claw_bump_monitor                 claw.c
          B368  _claw_go_to_center_monitor         claw.c
          B388  _claw_go_right_to_center           claw.c
          B3A4  _claw_go_left_to_center            claw.c
          B3BE  _clawmagnet_on                     clawmagnet.c
          B3C7  _clawmagnet_off                    clawmagnet.c
          B3D0  _clawmagnet_init                   clawmagnet.c
          B3D9  _shaker_init                       shaker.c
          B3E6  _shaker_stop                       shaker.c
          B407  _shaker_tilt                       shaker.c
          B40A  _shaker_start                      shaker.c
          B46B  _do_firq                           interrupt.c
          B47F  _do_swi3                           interrupt.c
          B484  _do_swi2                           interrupt.c
          B489  _do_swi                            interrupt.c
          B48E  _do_nmi                            interrupt.c
          B493  _platform_init                     init_wpc.c
          B4D8  _wpc_machine_type                  init_wpc.c
          B4D9  _switch_rtt                        wpc_switch.c
          B5F2  _lamp_rtt                          wpc_lamp.c
          B63C  _sol_update_rtt_0                  wpc_sol.c
          B6A1  _sol_update_rtt_1                  wpc_sol.c
          B798  _main                              main.c
          B79B  _abort                             main.c
          B7A0  _exit                              main.c
          B7A5  _ac_rtt                            ac.c
          B7C0  _ac_init                           ac.c
          B7CB  _adj_file_register                 adj.c
          B7D1  _nvram_idle_every_100ms            adj.c
ASxxxx Linker V05.00,  page 9.
Hexidecimal  [16-Bits]

Area                       Addr        Size        Decimal Bytes (Attributes)
--------------------       ----        ----        ------- ----- ------------
.text                      8000        79CA =       31178. bytes (REL,CON,CSEG)

         Value  Global                             Global Defined In Module
         -----  --------------------------------   ------------------------
          B7EB  _adj_init                          adj.c
          B7F2  _adj_modified                      adj.c
          B80D  _adj_csum_failure                  adj.c
          B814  _adj_csum_info                     adj.c
          B81D  _sys_audit_file_register           audit.c
          B823  _audit_assign                      audit.c
          B83B  _audit_add                         audit.c
          B869  _audit_increment                   audit.c
          B88A  _audit_reset                       audit.c
          B8AC  _audit_csum_info                   audit.c
          B8B5  _csum_get_var                      csum.c
          B8BD  _csum_area_update                  csum.c
          B8F1  _csum_area_reset                   csum.c
          B908  _csum_area_check                   csum.c
          B947  _dmd_new_rtt                       dmd.c
          B972  _dmd_rtt0                          dmd.c
          B982  _dmd_rtt1                          dmd.c
          B992  _dmd_rtt2                          dmd.c
          B9BF  _dmd_map_low_high                  dmd.c
          B9CD  _dmd_alloc_pair                    dmd.c
          B9D3  _dmd_alloc_low                     dmd.c
          B9D6  _dmd_flip_low_high                 dmd.c
          B9E5  _dmd_show_other                    dmd.c
          B9EE  _dmd_invert_page                   dmd.c
          BA0E  _dmd_sched_transition              dmd.c
          BA17  _dmd_reset_transition              dmd.c
          BA21  _dmd_alloc_pair_clean              dmd.c
          BA30  _dmd_alloc_low_clean               dmd.c
          BA39  _dmd_clean_page_high               dmd.c
          BA3F  _dmd_clean_page_low                dmd.c
          BA45  _dmd_init                          dmd.c
          BAA7  _dmd_copy_page                     dmd.c
          BAAA  _dmd_copy_low_to_high              dmd.c
          BAB8  _dmd_fill_page_low                 dmd.c
          BAC8  _dmd_do_transition                 dmd.c
          BB9D  _dmd_show2                         dmd.c
          BBAB  _dmd_show_high                     dmd.c
          BBC1  _dmd_show_low                      dmd.c
          BBD7  _deff_swap_low_high                dmd.c
          BBF6  _dmd_phase_table                   dmd.c
          BBFC  _error_init_complete               error.c
          BBFD  _nonfatal                          error.c
          BC03  _fatal                             error.c
          BC58  _lockup_check_rtt                  error.c
          BC71  _file_find                         file.c
          BCB6  _file_create                       file.c
          BCD4  _file_register                     file.c
          BD60  _file_init                         file.c
          BD67  _file_reset                        file.c
          BD82  _flipper_enable                    flip.c
          BD87  _flipper_disable                   flip.c
ASxxxx Linker V05.00,  page 10.
Hexidecimal  [16-Bits]

Area                       Addr        Size        Decimal Bytes (Attributes)
--------------------       ----        ----        ------- ----- ------------
.text                      8000        79CA =       31178. bytes (REL,CON,CSEG)

         Value  Global                             Global Defined In Module
         -----  --------------------------------   ------------------------
          BD94  _flipper_override_on               flip.c
          BDA1  _flipper_override_off              flip.c
          BDA7  _flipper_hold_on                   flip.c
          BDB0  _flipper_hold_off                  flip.c
          BDB3  _fliptronic_rtt                    flip.c
          BE75  _fliptronic_ball_search            flip.c
          BE76  _flipper_init                      flip.c
          BE7D  _flipper_override_pulse            flip.c
          BEA2  _free_timer_rtt                    freetimer.c
          BEC9  ___free_timer_restart              freetimer.c
          BED4  ___free_timer_start                freetimer.c
          BEE7  ___free_timer_stop                 freetimer.c
          BEEF  ___free_timer_test                 freetimer.c
          BEF8  _free_timer_init                   freetimer.c
          BF07  _get_elapsed_time                  init.c
          BF14  _freewpc_init                      init.c
          BF85  _warm_reboot                       init.c
          BF88  _lamp_flash_rtt                    lamp.c
          BFBD  _lamp_power_set                    lamp.c
          BFCB  _bit_test_all_on                   lamp.c
          BFF1  _bit_test_all_off                  lamp.c
          C010  _lamp_amode_start                  lamp.c
          C01A  _lamp_start_game                   lamp.c
          C02E  _lamp_idle_every_second            lamp.c
          C062  _lamp_leff2_erase                  lamp.c
          C068  _lamp_leff1_erase                  lamp.c
          C06E  _lamp_leff1_allocate_all           lamp.c
          C074  _lamp_all_off                      lamp.c
          C09A  _lamp_set_on                       lamp.c
          C0A7  _lamp_leff2_free_all               lamp.c
          C0AD  _lamp_leff1_free_all               lamp.c
          C0B3  _lamp_all_on                       lamp.c
          C0C7  _lamp_init                         lamp.c
          C11E  _matrix_lookup                     lamp.c
          C154  _bit_test                          lamp.c
          C163  _leff_test                         lamp.c
          C17F  _lamp_flash_test                   lamp.c
          C185  _lamp_test_off                     lamp.c
          C197  _lamp_test                         lamp.c
          C19D  _bit_toggle                        lamp.c
          C1AE  _leff_toggle                       lamp.c
          C1CA  _lamp_toggle                       lamp.c
          C1D0  _bit_off                           lamp.c
          C1E2  _leff_off                          lamp.c
          C1FE  _lamp_leff2_allocate               lamp.c
          C212  _lamp_leff2_test_and_allocate      lamp.c
          C234  _lamp_leff_allocate                lamp.c
          C23A  _lamp_flash_off                    lamp.c
          C24E  _lamp_off                          lamp.c
          C254  _bit_on                            lamp.c
          C265  _leff_on                           lamp.c
ASxxxx Linker V05.00,  page 11.
Hexidecimal  [16-Bits]

Area                       Addr        Size        Decimal Bytes (Attributes)
--------------------       ----        ----        ------- ----- ------------
.text                      8000        79CA =       31178. bytes (REL,CON,CSEG)

         Value  Global                             Global Defined In Module
         -----  --------------------------------   ------------------------
          C281  _lamp_leff2_free                   lamp.c
          C295  _lamp_leff_free                    lamp.c
          C29B  _lamp_flash_on                     lamp.c
          C2D9  _lamp_on                           lamp.c
          C2DF  _leff_dump                         leff.c
          C2E0  _leff_init                         leff.c
          C2F3  _leff_stop_all                     leff.c
          C311  _leff_running_p                    leff.c
          C328  _leff_create_handler               leff.c
          C3C2  _leff_start_highest_priority       leff.c
          C431  _leff_exit                         leff.c
          C483  _leff_stop                         leff.c
          C4FC  _leff_start                        leff.c
          C564  _leff_restart                      leff.c
          C6F3  _message_write                     message.c
          C7DA  _sol_modify_duty                   sol.c
          C7DE  _sol_modify_timeout                sol.c
          C7E4  _sol_req_rtt                       sol.c
          C82D  _sol_start_real                    sol.c
          C852  _sol_stop                          sol.c
          C868  _sol_init                          sol.c
          C8A8  _sol_reset                         sol.c
          C8DE  _sol_free                          sol.c
          C8F0  _sol_req_start_specific            sol.c
          C98B  _sol_req_start                     sol.c
          C9B6  _sol_request                       sol.c
          C9F0  _sol_request_async                 sol.c
          CA1E  _sol_idle_every_100ms              sol.c
          CA6A  _sound_write_queue_empty_p         sound.c
          CA7A  _music_set                         sound.c
          CAA8  _music_off                         sound.c
          CAAE  _sound_board_poll                  sound.c
          CAC5  _sound_idle_every_100ms            sound.c
          CAD6  _sound_read_rtt                    sound.c
          CAFF  _sound_write_rtt                   sound.c
          CB23  _sound_reset                       sound.c
          CB26  _sound_init                        sound.c
          CB2F  _sound_write                       sound.c
          CB42  _get_volume                        sound.c
          CB46  _sound_music_refresh               sound.c
          CB47  _sound_file_register               sound.c
          CB4D  _volume_set                        sound.c
          CBA0  _volume_refresh                    sound.c
          CBAC  _sound_volume_up                   sound.c
          CBC3  _sound_volume_down                 sound.c
          CBD8  _lower_volume                      sound.c
          CBDF  _volume_reset                      sound.c
          CBE4  _sound_send                        sound.c
          CBFD  _sound_board_command               sound.c
          CC4A  _sound_board_read                  sound.c
          CC7B  _sound_board_init                  sound.c
ASxxxx Linker V05.00,  page 12.
Hexidecimal  [16-Bits]

Area                       Addr        Size        Decimal Bytes (Attributes)
--------------------       ----        ----        ------- ----- ------------
.text                      8000        79CA =       31178. bytes (REL,CON,CSEG)

         Value  Global                             Global Defined In Module
         -----  --------------------------------   ------------------------
          CCE2  _sound_version_render              sound.c
          CD13  _volume_csum_info                  sound.c
          CD1C  _switch_lookup                     switches.c
          CD2C  _switch_lookup_lamp                switches.c
          CD3A  _switch_short_detect               switches.c
          CD82  _switch_init_complete              switches.c
          CD89  _switch_idle_every_second          switches.c
          CD93  _switch_queue_init                 switches.c
          CDBF  _switch_init                       switches.c
          CE41  _switch_diagnostic_check           switches.c
          CE74  _switch_queue_remove               switches.c
          CE90  _switch_queue_add                  switches.c
          CEC4  _switch_sched_task                 switches.c
          CFA2  _switch_lamp_pulse                 switches.c
          CFEF  _switch_is_opto                    switches.c
          D001  _switch_poll                       switches.c
          D013  _switch_poll_logical               switches.c
          D026  _switch_transitioned               switches.c
          D07F  _switch_service_queue              switches.c
          D0DC  _switch_periodic                   switches.c
          D15A  _timer_lock                        timer.c
          D15E  _timer_unlock                      timer.c
          D162  _timer_init                        timer.c
          D166  _timer_start                       timer.c
          D17C  _timer_start1                      timer.c
          D192  _timer_restart                     timer.c
          D1A8  _freerunning_timer_function        timer.c
          D1C4  _system_timer_pause                timer.c
          D215  _timer_pause_second                timer.c
          D237  _triac_dump                        triac.c
          D267  _triac_rtt                         triac.c
          D27A  _gi_clear_dimming                  triac.c
          D292  _triac_update                      triac.c
          D2B4  _gi_enable                         triac.c
          D2F6  _gi_disable                        triac.c
          D336  _gi_dim                            triac.c
          D3A5  _gi_leff_allocate                  triac.c
          D3E3  _gi_leff_free                      triac.c
          D429  _gi_leff_enable                    triac.c
          D463  _gi_leff_disable                   triac.c
          D49B  _gi_leff_dim                       triac.c
          D50A  _gi_init                           triac.c
          D546  _right_orbit_shot_made             orbits.c
          D56B  _left_orbit_shot_made              orbits.c
          D590  _orbits_sw_right_freeway           orbits.c
          D69C  _orbits_sw_left_loop               orbits.c
          D7A8  _right_orbit_task                  orbits.c
          D7B0  _left_orbit_task                   orbits.c
          D7B8  _orbits_start_player               orbits.c
          D7CB  _rl_arrow_light_off                orbits.c
          D7DD  _ll_arrow_light_off                orbits.c
ASxxxx Linker V05.00,  page 13.
Hexidecimal  [16-Bits]

Area                       Addr        Size        Decimal Bytes (Attributes)
--------------------       ----        ----        ------- ----- ------------
.text                      8000        79CA =       31178. bytes (REL,CON,CSEG)

         Value  Global                             Global Defined In Module
         -----  --------------------------------   ------------------------
          D7EF  _rl_jackpot_light_off              orbits.c
          D7F9  _ll_jackpot_light_off              orbits.c
          D803  _deactivate_explode_inserts_orbi   orbits.c
          D817  _multiball_light_off               orbits.c
          D829  _extraball_light_off               orbits.c
          D833  _rl_arrow_light_on                 orbits.c
          D85A  _ll_arrow_light_on                 orbits.c
          D881  _rl_jackpot_light_on               orbits.c
          D88B  _ll_jackpot_light_on               orbits.c
          D895  _activate_explode_inserts_orbits   orbits.c
          D8A9  _multiball_light_on                orbits.c
          D8B3  _extraball_light_on                orbits.c
          D8BD  _orbits_start_ball                 orbits.c
          D906  _orbits_end_ball                   orbits.c
          D947  _carchase_ramp_sounds              ramps.c
          D980  _ramp_sounds                       ramps.c
          DA2E  _side_ramp_made                    ramps.c
          DB22  _ramps_sw_side_ramp_exit           ramps.c
          DB3B  _ramps_sw_side_ramp_enter          ramps.c
          DBFC  _ramps_sw_right_ramp_enter         ramps.c
          DCAB  _ramps_sw_left_ramp_enter          ramps.c
          DD56  _side_ramp_task                    ramps.c
          DD5E  _right_ramp_task                   ramps.c
          DD66  _left_ramp_task                    ramps.c
          DD6E  _ramps_sw_center_ramp              ramps.c
          DE30  _right_ramp_made                   ramps.c
          DF51  _ramps_sw_right_ramp_exit          ramps.c
          DF6A  _left_ramp_made                    ramps.c
          E091  _ramps_sw_left_ramp_exit           ramps.c
          E0AA  _ramps_start_player                ramps.c
          E0BD  _sramp_arrow_light_off             ramps.c
          E0CF  _sramp_jackpot_light_off           ramps.c
          E0D9  _cramp_arrow_light_off             ramps.c
          E0EB  _cramp_jackpot_light_off           ramps.c
          E0F5  _rramp_arrow_light_off             ramps.c
          E107  _rramp_jackpot_light_off           ramps.c
          E111  _lramp_arrow_light_off             ramps.c
          E123  _lramp_jackpot_light_off           ramps.c
          E12D  _deactivate_left_ramp_quickfreez   ramps.c
          E13F  _carchase_mode_off                 ramps.c
          E153  _deactivate_explode_inserts_ramp   ramps.c
          E167  _ramps_end_ball                    ramps.c
          E1C1  _sramp_arrow_light_on              ramps.c
          E1E8  _sramp_jackpot_light_on            ramps.c
          E1F2  _cramp_arrow_light_on              ramps.c
          E219  _cramp_jackpot_light_on            ramps.c
          E223  _rramp_arrow_light_on              ramps.c
          E254  _rramp_jackpot_light_on            ramps.c
          E25E  _lramp_arrow_light_on              ramps.c
          E285  _lramp_jackpot_light_on            ramps.c
          E28F  _activate_left_ramp_quickfreeze    ramps.c
ASxxxx Linker V05.00,  page 14.
Hexidecimal  [16-Bits]

Area                       Addr        Size        Decimal Bytes (Attributes)
--------------------       ----        ----        ------- ----- ------------
.text                      8000        79CA =       31178. bytes (REL,CON,CSEG)

         Value  Global                             Global Defined In Module
         -----  --------------------------------   ------------------------
          E2A1  _carchase_mode_on                  ramps.c
          E2B5  _activate_explode_inserts_ramps    ramps.c
          E2C9  _rramp_clawready_off               ramps.c
          E2ED  _rramp_clawready_on                ramps.c
          E317  _ramps_start_ball                  ramps.c
          E40C  _rampSoundsArray                   ramps.c
          E446  _explosionSoundsArray              ramps.c
          E44E  _car_chase_SoundsArray1            ramps.c
          E45C  _r_orb_arrow_update                arrow_handler.c
          E478  _l_orb_arrow_update                arrow_handler.c
          E494  _r_ramp_arrow_update               arrow_handler.c
          E4B0  _s_ramp_arrow_update               arrow_handler.c
          E4CC  _l_ramp_arrow_update               arrow_handler.c
          E4E8  _uground_arrow_update              arrow_handler.c
          E50C  _center_ramp_arrow_update          arrow_handler.c
          E531  _all_arrow_update                  arrow_handler.c
          E546  _arrow_handler_start_player        arrow_handler.c
          E57E  _diverter_check                    diverter_check.c
          E5F4  _clw_inlanes_effect_deff           inlanes.c
          E649  _qf_inlanes_effect_deff            inlanes.c
          E6B1  _inlanes_sw_right_inlane           inlanes.c
          E6F2  _light_quick_freeze_light_off      inlanes.c
          E720  _access_claw_light_off             inlanes.c
          E747  _inlanes_end_ball                  inlanes.c
          E75B  _light_quick_freeze_light_on       inlanes.c
          E791  _increment_light_quick_freeze_li   inlanes.c
          E7A3  _access_claw_light_on              inlanes.c
          E7C7  _check_access_claw_relight         inlanes.c
          E7D0  _increment_access_claw_light_on    inlanes.c
          E7E2  _inlanes_start_ball                inlanes.c
          E82B  _inlanes_start_player              inlanes.c
          E858  _inlanes_sw_left_inlane            inlanes.c
          E94F  _left_inlane_task                  inlanes.c
          E95C  _get_skill_shot_enabled            skillshot.c
          E964  _skillshot_sw_launch_button        skillshot.c
          E9AC  _skillshot_deff                    skillshot.c
          EAD3  _skillshot_sounds_task             skillshot.c
          EB39  _start_skillshot_timer_task        skillshot.c
          EB4E  _skillshot_end_game                skillshot.c
          EB59  _award_skill_shot                  skillshot.c
          EBC4  _skillshot_start_ball              skillshot.c
          EBD5  _simple_sounds                     simple_switches.c
          EC42  _simple_switches_sw_sling          simple_switches.c
          EC52  _simple_switches_sw_right_outlan   simple_switches.c
          ECA3  _simple_switches_sw_lower_reboun   simple_switches.c
          ECDA  _simple_switches_sw_upper_left_f   simple_switches.c
          ED0C  _outlaneSoundArray                 simple_switches.c
          ED3C  _get_is_combos_killed              combos.c
          ED40  _get_is_combos_restartable         combos.c
          ED88  _combo_effect_deff                 combos.c
          EFEE  _choose_random_flag_set            combos.c
ASxxxx Linker V05.00,  page 15.
Hexidecimal  [16-Bits]

Area                       Addr        Size        Decimal Bytes (Attributes)
--------------------       ----        ----        ------- ----- ------------
.text                      8000        79CA =       31178. bytes (REL,CON,CSEG)

         Value  Global                             Global Defined In Module
         -----  --------------------------------   ------------------------
          F127  _combo_start_player                combos.c
          F156  _kill_combos                       combos.c
          F199  _comp_award_light_arrows           combos.c
          F1DF  _combo_rehit_check                 combos.c
          F22F  _combo_hit                         combos.c
          F2DE  _flash_combos                      combos.c
          F385  _combo_task                        combos.c
          F3D8  _combo_init                        combos.c
          F3EE  _combo_valid_playfield             combos.c
          F3F1  _combo_end_ball                    combos.c
          F3F9  _combo_reset                       combos.c
          F45B  _combo_start_ball                  combos.c
          F45E  _tick_driver                       sched_irq.c
          F463  _tick_init                         sched_irq.c
          F926  __exit                             
          F92D  __start                            
          F95A  _umodhi3                           
          F96B  _udivhi3                           
          F979  _mulhi3                            
          F998  _euclid                            

ASxxxx Linker V05.00,  page 16.
Hexidecimal  [16-Bits]

Area                       Addr        Size        Decimal Bytes (Attributes)
--------------------       ----        ----        ------- ----- ------------
.flag                      0000        0021 =          33. bytes (REL,CON,CSEG)

         Value  Global                             Global Defined In Module
         -----  --------------------------------   ------------------------
          0000  _FLAG_IS_LRAMP_QUICKFREEZE_ACTIV   mach_vars.c
          0001  _FLAG_IS_COMPUTER_ACTIVATED        mach_vars.c
          0002  _FLAG_IS_EXTRABALL_LIT             mach_vars.c
          0003  _FLAG_IS_MULTIBALL_ENABLED         mach_vars.c
          0004  _FLAG_IS_R_RAMP_CLAWREADY          mach_vars.c
          0005  _FLAG_IS_DEMOTIME_ENABLED          mach_vars.c
          0006  _FLAG_BACK_IN_THE_FRIDGE_ACTIVAT   mach_vars.c
          0007  _FLAG_VIDEO_MODE_ENABLED           mach_vars.c
          0008  _FLAG_IS_CARCHASE_MODE_ENABLED     mach_vars.c
          0009  _FLAG_IS_EXPLODE_MODE_ENABLED      mach_vars.c
          000A  _FLAG_IS_HUXLEY_ENABLED            mach_vars.c
          000B  _FLAG_IS_CC3_LIT                   mach_vars.c
          000C  _FLAG_IS_CC6_LIT                   mach_vars.c
          000D  _FLAG_IS_CC10_LIT                  mach_vars.c
          000E  _FLAG_IS_QUICK_FREEZE_ACTIVATED    mach_vars.c
          000F  _FLAG_IS_ACCESS_CLAW_ACTIVATED     mach_vars.c
          0010  _FLAG_IS_EYEBALL_EB_MADE           mach_vars.c
          0011  _FLAG_LASER_SHOT_ENABLED           mach_vars.c
          0012  _FLAG_VIDEO_MODE_RUNNING           mach_vars.c
          0013  _FLAG_IS_COMBO_SIDERAMP_ACTIVATE   mach_vars.c
          0014  _FLAG_IS_COMBO_LEFTRAMP_ACTIVATE   mach_vars.c
          0015  _FLAG_IS_COMBO_RIGHTRAMP_ACTIVAT   mach_vars.c
          0016  _FLAG_IS_COMBO_UNDER_ACTIVATED     mach_vars.c
          0017  _FLAG_IS_COMBO_CENTERRAMP_ACTIVA   mach_vars.c
          0018  _FLAG_IS_COMBO_LEFTORB_ACTIVATED   mach_vars.c
          0019  _FLAG_IS_COMBO_RIGHTORB_ACTIVATE   mach_vars.c
          001A  _FLAG_IS_UGROUND_ARROW_ACTIVATED   mach_vars.c
          001B  _FLAG_IS_L_LOOP_ARROW_ACTIVATED    mach_vars.c
          001C  _FLAG_IS_R_LOOP_ARROW_ACTIVATED    mach_vars.c
          001D  _FLAG_IS_L_RAMP_ARROW_ACTIVATED    mach_vars.c
          001E  _FLAG_IS_C_RAMP_ARROW_ACTIVATED    mach_vars.c
          001F  _FLAG_IS_S_RAMP_ARROW_ACTIVATED    mach_vars.c
          0020  _FLAG_IS_R_RAMP_ARROW_ACTIVATED    mach_vars.c

ASxxxx Linker V05.00,  page 17.
Hexidecimal  [16-Bits]

Area                       Addr        Size        Decimal Bytes (Attributes)
--------------------       ----        ----        ------- ----- ------------
.globalflag                0000        0004 =           4. bytes (REL,CON,CSEG)

         Value  Global                             Global Defined In Module
         -----  --------------------------------   ------------------------
          0000  _GLOBAL_FLAG_BALL_AT_PLUNGER       mach_vars.c
          0001  _GLOBAL_FLAG_COIN_DOOR_OPENED      mach_vars.c
          0002  _GLOBAL_FLAG_IS_BALL_ON_CLAW       mach_vars.c
          0003  _GLOBAL_FLAG_IS_CLAW_HOME          mach_vars.c
ASxxxx Linker V05.00,  page 18.
Hexidecimal  [16-Bits]

Area                       Addr        Size        Decimal Bytes (Attributes)
--------------------       ----        ----        ------- ----- ------------
direct                     0004        00E1 =         225. bytes (REL,CON,CSEG)

         Value  Global                             Global Defined In Module
         -----  --------------------------------   ------------------------
          0004  __far_call_address                 farcall.s
          0006  __far_call_page                    farcall.s
          0007  m0                                 start.s
          0008  m1                                 start.s
          0009  m2                                 start.s
          000A  m3                                 start.s
          000B  _task_dispatching_ok               task.c
          000C  _task_current                      task.c
          000E  _task_save_U                       task.c
          0010  _task_save_X                       task.c
          0012  _last_dispatch_time                task.c
          0014  _font_args                         font.c
          0018  _font_width                        font.c
          0019  _font_byte_width                   font.c
          001A  _font_height                       font.c
          001B  _blit_dmd                          font.c
          001D  _in_game                           game.c
          001E  _in_ending                         game.c
          001F  _in_bonus                          game.c
          0020  _in_tilt                           game.c
          0021  _in_test                           game.c
          0022  _sling_enables                     left_sling.c
          0023  _sling_running                     left_sling.c
          0024  _left_sling_timer                  left_sling.c
          0025  _right_sling_timer                 right_sling.c
          0026  _jet_enables                       left_jet.c
          0027  _jet_running                       left_jet.c
          0028  _left_jet_timer                    left_jet.c
          0029  _right_jet_timer                   right_jet.c
          002A  _top_sling_timer                   top_sling.c
          002B  _diverter_timer                    diverter.c
          002C  _elevator_state                    elevator.c
          002D  _elevator_timer                    elevator.c
          002E  _claw_state                        claw.c
          002F  _claw_timer                        claw.c
          0030  _shaker_on_time                    shaker.c
          0031  _shaker_on_off_time_counter        shaker.c
          0032  _shaker_on_off_total_time          shaker.c
          0033  _shaker_timeout                    shaker.c
          0034  _timeout                           shaker.c
          0035  _wpc_rom_bank                      init_wpc.c
          0036  _zc_timer                          ac.c
          0037  _dmd_visible_pages                 dmd.c
          0039  _dmd_rtt                           dmd.c
          003B  _flippers_enabled                  flip.c
          003C  _fliptronic_powered_coil_outputs   flip.c
          003D  _flipper_inputs                    flip.c
          003E  _flipper_outputs                   flip.c
          003F  _flipper_overrides                 flip.c
          0040  _flipper_power_counterLR           flip.c
ASxxxx Linker V05.00,  page 19.
Hexidecimal  [16-Bits]

Area                       Addr        Size        Decimal Bytes (Attributes)
--------------------       ----        ----        ------- ----- ------------
direct                     0004        00E1 =         225. bytes (REL,CON,CSEG)

         Value  Global                             Global Defined In Module
         -----  --------------------------------   ------------------------
          0041  _flipper_power_counterLL           flip.c
          0042  _flipper_power_counterUL           flip.c
          0043  _flipper_power_counterUR           flip.c
          0044  _sys_time                          init.c
          0046  _lamp_matrix                       lamp.c
          004E  _lamp_flash_matrix_now             lamp.c
          0056  _lamp_leff1_matrix                 lamp.c
          005E  _lamp_leff1_allocated              lamp.c
          0066  _lamp_leff2_matrix                 lamp.c
          006E  _lamp_leff2_allocated              lamp.c
          0076  _lamp_strobe_mask                  lamp.c
          0077  _lamp_strobe_column                lamp.c
          0078  _lamp_power_timer                  lamp.c
          0079  _sol_timers                        sol.c
          0099  _sol_duty_mask                     sol.c
          009A  _sound_write_queue                 sound.c
          00A4  _sound_read_queue                  sound.c
          00AE  _sw_raw                            switches.c
          00B8  _sw_edge                           switches.c
          00C2  _sw_stable                         switches.c
          00CC  _sw_unstable                       switches.c
          00D6  _sw_logical                        switches.c
          00E0  _switch_queue_top                  switches.c
          00E2  _tick_function                     sched_irq.c
          00E4  _tick_divider                      sched_irq.c

ASxxxx Linker V05.00,  page 20.
Hexidecimal  [16-Bits]

Area                       Addr        Size        Decimal Bytes (Attributes)
--------------------       ----        ----        ------- ----- ------------
ram                        0100        1042 =        4162. bytes (REL,CON,CSEG)

         Value  Global                             Global Defined In Module
         -----  --------------------------------   ------------------------
          0100  start_time                         irqload
          0102  loop_count                         irqload
          0104  _bitmap_src                        bitmap_6809.s
          0108  _task_tail                         task.c
          010A  _task_buffer                       task.c
          0BEA  _idle_time                         task.c
          0BEC  _idle_chunks                       task.c
          0BED  _idle_ready_time                   idle.c
          0BEF  _idle_second_timer                 idle.c
          0BF0  _idle_10second_timer               idle.c
          0BF1  _str_off                           lang.c
          0BF2  _mb_mode_count                     mbmode.c
          0BF3  _puts_handler                      puts.c
          0BF5  _random_entropy                    random.c
          0BF6  _deff_component_table              deff.c
          0BFE  _deff_data_pending                 deff.c
          0C08  _deff_data_pending_count           deff.c
          0C09  _deff_data_active                  deff.c
          0C13  _deff_data_active_count            deff.c
          0C14  _deff_background                   deff.c
          0C15  _deff_running                      deff.c
          0C16  _deff_prio                         deff.c
          0C17  _deff_queue                        deff.c
          0C43  _font_string_width                 font.c
          0C44  _font_string_height                font.c
          0C45  _top_space                         font.c
          0C46  _valid_playfield                   game.c
          0C47  _player_up                         game.c
          0C48  _ball_up                           game.c
          0C49  _timed_game_timer                  game.c
          0C4A  _novalid_sw                        game.c
          0C4C  _timed_game_suspend_count          game.c
          0C4D  _bitf_just_ended                   game.c
          0C4E  _lamplist_alternation_state        lamplist.c
          0C57  _sprintf_buffer                    printf.c
          0C87  _sprintf_width                     printf.c
          0C88  _sprintf_leading_zeroes            printf.c
          0C89  _leading_zero_count                printf.c
          0C8A  _number_length                     printf.c
          0C8C  _min_width                         printf.c
          0C8D  _comma_positions                   printf.c
          0C8E  _commas_written                    printf.c
          0C8F  _separator_char                    printf.c
          0C90  _score_update_needed               score.c
          0C91  _current_score                     score.c
          0C93  _last_score                        score.c
          0C98  _global_score_multiplier           score.c
          0C99  _last_multiplier                   score.c
          0C9A  _deff_score                        score.c
          0C9F  _deff_multiplier                   score.c
ASxxxx Linker V05.00,  page 21.
Hexidecimal  [16-Bits]

Area                       Addr        Size        Decimal Bytes (Attributes)
--------------------       ----        ----        ------- ----- ------------
ram                        0100        1042 =        4162. bytes (REL,CON,CSEG)

         Value  Global                             Global Defined In Module
         -----  --------------------------------   ------------------------
          0CA0  _elevator_speed                    elevator.c
          0CA1  _claw_location                     claw.c
          0CA2  _claw_speed                        claw.c
          0CA3  _wpc_led_reg                       init_wpc.c
          0CA4  _zc_status                         ac.c
          0CA5  _ac_zerocross_errors               ac.c
          0CA6  _last_adjustment_changed           adj.c
          0CA8  _dmd_mapped_pages                  dmd.c
          0CAA  _dmd_trans_data_ptr                dmd.c
          0CAC  _dmd_in_transition                 dmd.c
          0CAD  _dmd_transition                    dmd.c
          0CAF  _dmd_free_page                     dmd.c
          0CB0  _dmd_trans_data_ptr2               dmd.c
          0CB2  _dmd_composite_page                dmd.c
          0CB3  _dmd_phase_ptr                     dmd.c
          0CB5  _last_nonfatal_error_code          error.c
          0CB6  _last_nonfatal_error_gid           error.c
          0CB7  _free_timers                       freetimer.c
          0CD7  _sys_init_complete                 init.c
          0CD8  _sys_init_pending_tasks            init.c
          0CD9  _periodic_ok                       init.c
          0CDA  _lamp_flash_matrix                 lamp.c
          0CE2  _bit_matrix                        lamp.c
          0CF2  _global_bits                       lamp.c
          0CF6  _lamp_power_level                  lamp.c
          0CF7  _lamp_power_idle_timer             lamp.c
          0CF9  _leff_prio                         leff.c
          0CFA  _leffs_running                     leff.c
          0D01  _message_line_handler              message.c
          0D03  _message_line_count                message.c
          0D04  _sol_duty_state                    sol.c
          0D24  _sol_pulsing                       sol.c
          0D25  _sol_reg_readable                  sol.c
          0D2B  _req_lock                          sol.c
          0D2C  _req_reg_write                     sol.c
          0D2E  _req_reg_read                      sol.c
          0D30  _req_bit                           sol.c
          0D31  _req_inverted                      sol.c
          0D32  _sol_pulse_timer                   sol.c
          0D33  _sol_pulse_duty                    sol.c
          0D34  _sol_req_queue                     sol.c
          0D3E  _current_music                     sound.c
          0D40  _sound_error_code                  sound.c
          0D41  _sound_version_major               sound.c
          0D42  _sound_version_minor               sound.c
          0D43  _sound_board_type                  sound.c
          0D44  _sw_queued                         switches.c
          0D4E  _switch_queue                      switches.c
          0D6E  _switch_last_service_time          switches.c
          0D70  _sw_last_scheduled                 switches.c
          0D71  _sw_short_timer                    switches.c
ASxxxx Linker V05.00,  page 22.
Hexidecimal  [16-Bits]

Area                       Addr        Size        Decimal Bytes (Attributes)
--------------------       ----        ----        ------- ----- ------------
ram                        0100        1042 =        4162. bytes (REL,CON,CSEG)

         Value  Global                             Global Defined In Module
         -----  --------------------------------   ------------------------
          0D72  _timer_lock_count                  timer.c
          0D74  _triac_io_cache                    triac.c
          0D75  _triac_output                      triac.c
          0D76  _gi_leff_alloc                     triac.c
          0D77  _gi_leff_output                    triac.c
          0D78  _gi_dimming                        triac.c
          0D83  _gi_leff_dimming                   triac.c
          0D8E  _orbits_SoundCounter               orbits.c
          0D8F  _rampSoundsCounter                 ramps.c
          0D90  _NumRampsSounds                    ramps.c
          0D91  _ramp_SoundCounter                 ramps.c
          0D92  _skill_shot_made                   skillshot.c
          0D93  _is_skill_shot_enabled             skillshot.c
          0D94  _is_skill_shot_ball_start          skillshot.c
          0D95  _skillshot_score                   skillshot.c
          0D9A  _type_skillshot_made               skillshot.c
          0D9B  _is_combos_killed                  combos.c
          0D9C  _is_combos_restartable             combos.c
          0D9D  _museum_score                      museum.c
          0DA2  _museum_jackpot_shots_made         museum.c
          0DA3  _museum_MessageCounter             museum.c
          0DA4  _museum_display_counter            museum.c
          0DA5  _MUS_TOGGLE                        museum.c
          0DA6  _museum_ballsave                   museum.c
          0DA7  _is_museum_running                 museum.c
          0DA8  _cryoprison_score                  cryoprison.c
          0DAD  _cryoprison_jackpot_shots_made     cryoprison.c
          0DAE  _cryoprison_MessageCounter         cryoprison.c
          0DAF  _cryoprison_jackpot_MessageCount   cryoprison.c
          0DB0  _cryoprison_start_music            cryoprison.c
          0DB1  _cryoprison_display_counter        cryoprison.c
          0DB2  _CRYO_TOGGLE                       cryoprison.c
          0DB3  _snake_pos                         cryoprison.c
          0DB4  _cryoprison_ballsave               cryoprison.c
          0DB5  _is_cryoprison_running             cryoprison.c
          0DB6  _demotime_jackpot_shots_made       demotime.c
          0DB7  _demotime_MessageCounter           demotime.c
          0DB8  _demotime_score                    demotime.c
          0DBD  _demotime_goal                     demotime.c
          0DBE  _demotime_start_music              demotime.c
          0DBF  _demotime_ballsave                 demotime.c
          0DC0  _is_demotime_running               demotime.c
          0DC1  _is_demotime_starting              demotime.c
          0DC2  _demotime_SoundCounter             demotime.c
          0DC3  _huxley_mode_shots_made            huxley.c
          0DC4  _huxley_mode_timer                 huxley.c
          0DC5  _huxley_mode_score                 huxley.c
          0DCA  _huxley_mode_last_score            huxley.c
          0DCF  _huxley_mode_next_score            huxley.c
          0DD4  _huxley_mode_score_total_score     huxley.c
          0DD9  _huxley_goal                       huxley.c
ASxxxx Linker V05.00,  page 23.
Hexidecimal  [16-Bits]

Area                       Addr        Size        Decimal Bytes (Attributes)
--------------------       ----        ----        ------- ----- ------------
ram                        0100        1042 =        4162. bytes (REL,CON,CSEG)

         Value  Global                             Global Defined In Module
         -----  --------------------------------   ------------------------
          0DDA  _huxley_suspend                    huxley.c
          0DDB  _huxley_MessageCounter             huxley.c
          0DDC  _back_in_the_fridge_score          back_in_the_fridge.c
          0DE1  _back_in_the_fridge_shots_made     back_in_the_fridge.c
          0DE2  _back_in_the_fridge_mode_timer     back_in_the_fridge.c
          0DE3  _back_in_the_fridge_display_coun   back_in_the_fridge.c
          0DE4  _BITF_TOGGLE                       back_in_the_fridge.c
          0DE5  _is_back_in_the_fridge_running     back_in_the_fridge.c
          0DE6  _is_back_in_the_fridge_ending      back_in_the_fridge.c
          0DE7  _is_back_in_the_fridge_in_ball_s   back_in_the_fridge.c
          0DE8  _back_in_the_fridge_SoundCounter   back_in_the_fridge.c
          0DE9  _back_in_the_fridge_MessageCount   back_in_the_fridge.c
          0DEA  _jackpot_arrows                    jackpots.c
          0DEB  _already_searching                 dm_ball_search.c
          0DEC  _eject_killer_counter              eject.c
          0DED  _retina_scan_multiplier            eject.c
          0DEE  _ejectDeffCounter                  eject.c
          0DEF  _temp_score                        eject.c
          0DF4  _eject_kick_attempts               eject.c
          0DF5  _is_normal_eject_killed            eject.c
          0DF6  _video_mode_chooser                vm_handler.c
          0DF7  _kaboom_bucket_ypos                kaboom.c
          0DF8  _kaboom_bucket_xpos                kaboom.c
          0DF9  _kaboom_bomb_xpos                  kaboom.c
          0E1C  _kaboom_speed                      kaboom.c
          0E1D  _num_bombs_caught                  kaboom.c
          0E1E  _kaboom_buttons_pressed            kaboom.c
          0E1F  _bomb_not_dropped                  kaboom.c
          0E20  _all_bomb_caught                   kaboom.c
          0E21  _is_kaboom_running                 kaboom.c
          0E22  _num_bombs_to_drop                 kaboom.c
          0E23  _frame_counter                     kaboom.c
          0E24  _bomb_caught_frame_counter         kaboom.c
          0E25  _bombs_released_index              kaboom.c
          0E26  _kaboom_score                      kaboom.c
          0E2B  _kaboom_bomb_state                 kaboom.c
          0E4E  _target_score                      ballshot_vm.c
          0E53  _target_speed                      ballshot_vm.c
          0E54  _num_targets_shot                  ballshot_vm.c
          0E55  _target_index                      ballshot_vm.c
          0E56  _Rtarget_index                     ballshot_vm.c
          0E57  _Ltarget_index                     ballshot_vm.c
          0E58  _shooter_frame_counter             ballshot_vm.c
          0E59  _target_shooter_frame_counter      ballshot_vm.c
          0E5A  _num_bullets_left                  ballshot_vm.c
          0E5B  _face_to_show                      ballshot_vm.c
          0E5C  _isPlayerBitten                    ballshot_vm.c
          0E5D  _isShooterVMOver                   ballshot_vm.c
          0E5E  _wasRightGunFired                  ballshot_vm.c
          0E5F  _wasLeftGunFired                   ballshot_vm.c
          0E60  _IsRightSideClosestTarget_Target   ballshot_vm.c
ASxxxx Linker V05.00,  page 24.
Hexidecimal  [16-Bits]

Area                       Addr        Size        Decimal Bytes (Attributes)
--------------------       ----        ----        ------- ----- ------------
ram                        0100        1042 =        4162. bytes (REL,CON,CSEG)

         Value  Global                             Global Defined In Module
         -----  --------------------------------   ------------------------
          0E61  _IsLeftSideClosestTarget_Targete   ballshot_vm.c
          0E62  _is_shooter_running                ballshot_vm.c
          0E63  _target_state                      ballshot_vm.c
          0E8B  _simon_says_MessageCounter         simon_says.c
          0E8C  _simon_says_speed                  simon_says.c
          0E8D  _simon_says_LF_buttons_pressed     simon_says.c
          0E8E  _simon_says_LR_buttons_pressed     simon_says.c
          0E8F  _simon_says_RF_buttons_pressed     simon_says.c
          0E90  _simon_says_RR_buttons_pressed     simon_says.c
          0E91  _is_simon_says_engine_running      simon_says.c
          0E92  _is_simon_says_running             simon_says.c
          0E93  _wrong_button_pressed              simon_says.c
          0E94  _num_buttons_pressed               simon_says.c
          0E95  _buttons_to_press                  simon_says.c
          0EB8  _temp_button_pointer               simon_says.c
          0EB9  _button_end_pointer                simon_says.c
          0EBA  _max_buttons_pressed               simon_says.c
          0EBB  _simon_says_score                  simon_says.c
          0EC0  _top_popper_MessageCounter         top_popper.c
          0EC1  _top_popperSwitchDebouncer         top_popper.c
          0EC2  _top_popper_inBall_search          top_popper.c
          0EC3  _eyeball_MessageCounter            eyeball.c
          0EC4  _eyeball_eb_goal                   eyeball.c
          0EC5  _eyeball_switch_debounce           eyeball.c
          0EC6  _gi_off                            leffs.c
          0EC7  _capture_simon_SoundCounter        capture_simon.c
          0EC8  _capture_simon_mode_shots_made     capture_simon.c
          0EC9  _capture_simon_mode_shots_goal     capture_simon.c
          0ECA  _capture_simon_mode_timer          capture_simon.c
          0ECB  _capture_simon_mode_score          capture_simon.c
          0ED0  _capture_simon_mode_last_score     capture_simon.c
          0ED5  _capture_simon_mode_next_score     capture_simon.c
          0EDA  _capture_simon_mode_score_total_   capture_simon.c
          0EDF  _capture_simon_arrow               capture_simon.c
          0EE0  _is_cap_sim_initial_start          capture_simon.c
          0EE1  _capture_simon_suspend             capture_simon.c
          0EE2  _lock_SoundCounter                 lock_freeze_mbstart.c
          0EE3  _freeze_MessageCounter             lock_freeze_mbstart.c
          0EE4  _prison_break_mode_shots_made      prison_break.c
          0EE5  _prison_break_mode_timer           prison_break.c
          0EE6  _prison_break_mode_score           prison_break.c
          0EEB  _prison_break_mode_last_score      prison_break.c
          0EF0  _prison_break_mode_next_score      prison_break.c
          0EF5  _prison_break_mode_score_total_s   prison_break.c
          0EFA  _prison_break_suspend              prison_break.c
          0EFB  _prison_break_MessageCounter       prison_break.c
          0EFC  _fortress_score                    fortress.c
          0F01  _fortress_jackpot_shots_made       fortress.c
          0F02  _fortress_MessageCounter           fortress.c
          0F03  _fortress_display_counter          fortress.c
          0F04  _FORT_TOGGLE                       fortress.c
ASxxxx Linker V05.00,  page 25.
Hexidecimal  [16-Bits]

Area                       Addr        Size        Decimal Bytes (Attributes)
--------------------       ----        ----        ------- ----- ------------
ram                        0100        1042 =        4162. bytes (REL,CON,CSEG)

         Value  Global                             Global Defined In Module
         -----  --------------------------------   ------------------------
          0F05  _is_fortress_running               fortress.c
          0F06  _fortress_ballsave                 fortress.c
          0F07  _wasteland_score                   wasteland.c
          0F0C  _wasteland_jackpot_shots_made      wasteland.c
          0F0D  _wasteland_MessageCounter          wasteland.c
          0F0E  _wasteland_start_music             wasteland.c
          0F0F  _wasteland_display_counter         wasteland.c
          0F10  _WL_TOGGLE                         wasteland.c
          0F11  _wasteland_ballsave                wasteland.c
          0F12  _is_wasteland_running              wasteland.c
          0F13  _super_jackpot_reminder_SoundCou   super_jackpot_reminder.c
          0F14  _is_super_jackpot_lit              super_jackpot_reminder.c
          0F15  _extraball_SoundCounter            extra_ball.c
          0F16  _superjets_mode_shots_made         superjets.c
          0F17  _superjets_mode_timer              superjets.c
          0F18  _superjets_mode_score              superjets.c
          0F1D  _superjets_mode_next_score         superjets.c
          0F22  _superjets_mode_score_total_scor   superjets.c
          0F27  _superjets_goal                    superjets.c
          0F28  _sj_counter                        superjets.c
          0F29  _acmag_mode_timer                  acmag.c
          0F2A  _acmag_mode_score                  acmag.c
          0F2F  _acmag_mode_next_score             acmag.c
          0F34  _acmag_mode_score_total_score      acmag.c
          0F39  _acmag_mode_shots_made             acmag.c
          0F3A  _acmag_suspend                     acmag.c
          0F3B  _star_states                       acmag.c
          0F6B  _car_chase_TotalNumOfSounds        car_chase_mode.c
          0F6C  _car_chase_mode_shots_made         car_chase_mode.c
          0F6D  _car_chase_mode_timer              car_chase_mode.c
          0F6E  _carchase_MessageCounter           car_chase_mode.c
          0F6F  _car_chase_mode_score              car_chase_mode.c
          0F74  _car_chase_mode_temp_score         car_chase_mode.c
          0F79  _car_chase_mode_score_total_scor   car_chase_mode.c
          0F7E  _is_carchase_running               car_chase_mode.c
          0F7F  _explode_MessageCounter            explode.c
          0F80  _explode_temp_counter              explode.c
          0F81  _explode_SoundCounter              explode.c
          0F82  _explode_mode_timer                explode.c
          0F83  _explode_mode_shots_made           explode.c
          0F84  _explode_mode_score                explode.c
          0F89  _explode_mode_last_score           explode.c
          0F8E  _explode_mode_temp_score           explode.c
          0F93  _explode_mode_display_score        explode.c
          0F98  _is_explode_running                explode.c
          0F99  _explode_ballsave                  explode.c
          0F9A  _carCrashFirstSwitchDebouncer      car_crash.c
          0F9B  _carCrashSecondSwitchDebouncer     car_crash.c
          0F9C  _carCrashThirdSwitchDebouncer      car_crash.c
          0F9D  _carcrash_ballsave                 car_crash.c
          0F9E  _car_crash_display_score           car_crash.c
ASxxxx Linker V05.00,  page 26.
Hexidecimal  [16-Bits]

Area                       Addr        Size        Decimal Bytes (Attributes)
--------------------       ----        ----        ------- ----- ------------
ram                        0100        1042 =        4162. bytes (REL,CON,CSEG)

         Value  Global                             Global Defined In Module
         -----  --------------------------------   ------------------------
          0FA3  _carcrash_MessageCounter           car_crash.c
          0FA4  _one_button_held                   underground.c
          0FA5  _both_buttons_held                 underground.c
          0FA6  _undergroundSwitchDebouncer        underground.c
          0FA7  _MessageCounter                    underground.c
          0FA8  _underground_SoundCounter          underground.c
          0FA9  _underground_inBall_search         underground.c
          0FAA  _computer_award_just_awarded       underground.c
          0FAB  _ca_bonus_scored                   underground.c
          0FB0  _ca_total_bonus                    underground.c
          0FB5  _ca_bonus_scored2                  underground.c
          0FBA  _TM_nextcomputerAwardsChooser      underground.c
          0FC4  _square_states                     underground.c
          100E  _flipper_shots                     bonus.c
          1010  _gun_handle_trigger_shots          bonus.c
          1012  _total_bonus                       bonus.c
          1017  _bonus_scored                      bonus.c
          101C  _cryoclaw_mode_timer               cryoclaw.c
          101D  _is_claw_running                   cryoclaw.c
          101E  _amode_page                        amode.c
          101F  _amode_page_changed                amode.c
          1020  _amode_flipper_sound_counter       amode.c
          1021  _ball_save_timer                   ballsave.c
          1022  _flipcode_digit                    flipcode.c
          1023  _flipcode_value                    flipcode.c
          1025  _initials_enter_timer              initials.c
          1026  _initials_index                    initials.c
          1027  _initials_selection                initials.c
          1028  _initials_data                     initials.c
          102D  _edit_date                         rtc.c
          1032  _rtc_edit_field                    rtc.c
[...]
--------------------       ----        ----        ------- ----- ------------
page61                     4000        22FD =        8957. bytes (REL,CON,CSEG)

         Value  Global                             Global Defined In Module
         -----  --------------------------------   ------------------------
          5AC9  _glyph_halobold14_G_bits           halobold14.fon
          5AE3  _glyph_halobold14_H_bits           halobold14.fon
          5AF5  _glyph_halobold14_I_bits           halobold14.fon
          5AFF  _glyph_halobold14_J_bits           halobold14.fon
          5B11  _glyph_halobold14_K_bits           halobold14.fon
          5B23  _glyph_halobold14_L_bits           halobold14.fon
          5B35  _glyph_halobold14_M_bits           halobold14.fon
          5B4F  _glyph_halobold14_N_bits           halobold14.fon
          5B61  _glyph_halobold14_O_bits           halobold14.fon
          5B7B  _glyph_halobold14_P_bits           halobold14.fon
          5B8D  _glyph_halobold14_Q_bits           halobold14.fon
          5B9F  _glyph_halobold14_R_bits           halobold14.fon
          5BB1  _glyph_halobold14_S_bits           halobold14.fon
          5BC3  _glyph_halobold14_T_bits           halobold14.fon
          5BD5  _glyph_halobold14_U_bits           halobold14.fon
          5BE7  _glyph_halobold14_V_bits           halobold14.fon
          5C01  _glyph_halobold14_W_bits           halobold14.fon
          5C1B  _glyph_halobold14_X_bits           halobold14.fon
          5C2D  _glyph_halobold14_Y_bits           halobold14.fon
          5C3F  _glyph_halobold14_Z_bits           halobold14.fon
          5C51  _glyph_halobold14_0_bits           halobold14.fon
          5C6B  _glyph_halobold14_1_bits           halobold14.fon
          5C75  _glyph_halobold14_2_bits           halobold14.fon
          5C87  _glyph_halobold14_3_bits           halobold14.fon
          5C99  _glyph_halobold14_4_bits           halobold14.fon
          5CAB  _glyph_halobold14_5_bits           halobold14.fon
          5CBD  _glyph_halobold14_6_bits           halobold14.fon
          5CCF  _glyph_halobold14_7_bits           halobold14.fon
          5CE1  _glyph_halobold14_8_bits           halobold14.fon
          5CF3  _glyph_halobold14_9_bits           halobold14.fon
          5D05  _halobold14_glyphs                 halobold14.fon
          5D7B  _font_halobold14                   halobold14.fon
          5D80  _glyph_halobold22num_0_bits        halobold22num.fon
          5DE1  _glyph_halobold22num_1_bits        halobold22num.fon
          5E09  _glyph_halobold22num_2_bits        halobold22num.fon
          5E57  _glyph_halobold22num_3_bits        halobold22num.fon
          5EA5  _glyph_halobold22num_4_bits        halobold22num.fon
          5EF3  _glyph_halobold22num_5_bits        halobold22num.fon
          5F41  _glyph_halobold22num_6_bits        halobold22num.fon
          5F8F  _glyph_halobold22num_7_bits        halobold22num.fon
          5FDD  _glyph_halobold22num_8_bits        halobold22num.fon
          602B  _glyph_halobold22num_9_bits        halobold22num.fon
          6079  _halobold22num_glyphs              halobold22num.fon
          60BD  _font_halobold22num                halobold22num.fon
          60C2  _glyph_bitcube10_dollar_bits       bitcube10.fon
          60CC  _glyph_bitcube10_minus_bits        bitcube10.fon
          60D0  _glyph_bitcube10_question_bits     bitcube10.fon
          60DA  _glyph_bitcube10_A_bits            bitcube10.fon
          60E4  _glyph_bitcube10_B_bits            bitcube10.fon
          60EE  _glyph_bitcube10_C_bits            bitcube10.fon
          60F8  _glyph_bitcube10_D_bits            bitcube10.fon
ASxxxx Linker V05.00,  page 79.
Hexidecimal  [16-Bits]

Area                       Addr        Size        Decimal Bytes (Attributes)
--------------------       ----        ----        ------- ----- ------------
page61                     4000        22FD =        8957. bytes (REL,CON,CSEG)

         Value  Global                             Global Defined In Module
         -----  --------------------------------   ------------------------
          6102  _glyph_bitcube10_E_bits            bitcube10.fon
          610C  _glyph_bitcube10_F_bits            bitcube10.fon
          6116  _glyph_bitcube10_G_bits            bitcube10.fon
          6120  _glyph_bitcube10_H_bits            bitcube10.fon
          612A  _glyph_bitcube10_I_bits            bitcube10.fon
          6134  _glyph_bitcube10_J_bits            bitcube10.fon
          613E  _glyph_bitcube10_K_bits            bitcube10.fon
          6148  _glyph_bitcube10_L_bits            bitcube10.fon
          6152  _glyph_bitcube10_M_bits            bitcube10.fon
          615C  _glyph_bitcube10_N_bits            bitcube10.fon
          6166  _glyph_bitcube10_O_bits            bitcube10.fon
          6170  _glyph_bitcube10_P_bits            bitcube10.fon
          617A  _glyph_bitcube10_Q_bits            bitcube10.fon
          6184  _glyph_bitcube10_R_bits            bitcube10.fon
          618E  _glyph_bitcube10_S_bits            bitcube10.fon
          6198  _glyph_bitcube10_T_bits            bitcube10.fon
          61A2  _glyph_bitcube10_U_bits            bitcube10.fon
          61AC  _glyph_bitcube10_V_bits            bitcube10.fon
          61B6  _glyph_bitcube10_W_bits            bitcube10.fon
          61C0  _glyph_bitcube10_X_bits            bitcube10.fon
          61CA  _glyph_bitcube10_Y_bits            bitcube10.fon
          61D4  _glyph_bitcube10_Z_bits            bitcube10.fon
          61DE  _glyph_bitcube10_0_bits            bitcube10.fon
          61E8  _glyph_bitcube10_1_bits            bitcube10.fon
          61F2  _glyph_bitcube10_2_bits            bitcube10.fon
          61FC  _glyph_bitcube10_3_bits            bitcube10.fon
          6206  _glyph_bitcube10_4_bits            bitcube10.fon
          6210  _glyph_bitcube10_5_bits            bitcube10.fon
          621A  _glyph_bitcube10_6_bits            bitcube10.fon
          6224  _glyph_bitcube10_7_bits            bitcube10.fon
          622E  _glyph_bitcube10_8_bits            bitcube10.fon
          6238  _glyph_bitcube10_9_bits            bitcube10.fon
          6242  _bitcube10_glyphs                  bitcube10.fon
          62F8  _font_bitcube10                    bitcube10.fon

ASxxxx Linker V05.00,  page 80.
Hexidecimal  [16-Bits]
[ Bank == prog ]

Area                       Addr        Size        Decimal Bytes (Attributes)
--------------------       ----        ----        ------- ----- ------------
.ctors                     0000        0002 =           2. bytes (REL,CON,CSEG)

         Value  Global                             Global Defined In Module
         -----  --------------------------------   ------------------------
ASxxxx Linker V05.00,  page 81.
Hexidecimal  [16-Bits]
[ Bank == prog ]

Area                       Addr        Size        Decimal Bytes (Attributes)
--------------------       ----        ----        ------- ----- ------------
.dtors                     0002        0002 =           2. bytes (REL,CON,CSEG)

         Value  Global                             Global Defined In Module
         -----  --------------------------------   ------------------------
ASxxxx Linker V05.00,  page 82.

Files Linked                              [ module(s) ]

build/mach-switchmasks.o                  [ mach_switchmasks.c ]
build/mach-scores.o                       [ mach_scores.c ]
build/mach-switches.o                     [ mach_switches.c ]
build/mach-containers.o                   [ mach_containers.c ]
build/mach-drives.o                       [ mach_drives.c ]
build/mach-deffs.o                        [ mach_deffs.c ]
build/mach-vars.o                         [ mach_vars.c ]
build/mach-fonts.o                        [ mach_fonts.c ]
cpu/m6809/farcall.o                       [ farcall.s ]
cpu/m6809/task_6809.o                     [ task_6809.s ]
cpu/m6809/string.o                        [ asm_string ]
cpu/m6809/bcd_string.o                    [ bcd_string ]
cpu/m6809/irqload.o                       [ irqload ]
cpu/m6809/div32.o                         [ div32.s ]
cpu/m6809/section.o                       [  ]
platform/wpc/bitmap.o                     [ bitmap_6809.s ]
platform/wpc/dmd.o                        [ dmd_6809.s ]
platform/wpc/dot.o                        [ dot_6809.s ]
platform/wpc/shadow.o                     [  ]
platform/wpc/start.o                      [ start.s ]
cpu/m6809/vector.o                        [ vector.c ]
cpu/m6809/div10.o                         [ div10.c ]
cpu/m6809/task.o                          [ task.c ]
kernel/frame.o                            [ frame.c ]
kernel/idle.o                             [ idle.c ]
kernel/lang.o                             [ lang.c ]
kernel/log.o                              [ log.c ]
kernel/mbmode.o                           [ mbmode.c ]
kernel/misc.o                             [ misc.c ]
kernel/puts.o                             [ puts.c ]
kernel/random.o                           [ random.c ]
kernel/sysinfo.o                          [ sysinfo.c ]
kernel/timedmode.o                        [ timedmode.c ]
kernel/deff.o                             [ deff.c ]
kernel/font.o                             [ font.c ]
kernel/game.o                             [ game.c ]
kernel/ladder.o                           [ ladder.c ]
kernel/lamplist.o                         [ lamplist.c ]
kernel/lampset.o                          [ lampset.c ]
kernel/player.o                           [ player.c ]
kernel/printf.o                           [ printf.c ]
kernel/score.o                            [ score.c ]
kernel/task.o                             [ task.c ]
build/left_sling.o                        [ left_sling.c ]
build/right_sling.o                       [ right_sling.c ]
build/left_jet.o                          [ left_jet.c ]
build/right_jet.o                         [ right_jet.c ]
build/top_sling.o                         [ top_sling.c ]
build/diverter.o                          [ diverter.c ]
build/elevator.o                          [ elevator.c ]
build/claw.o                              [ claw.c ]
build/clawmagnet.o                        [ clawmagnet.c ]
build/shaker.o                            [ shaker.c ]
platform/wpc/interrupt.o                  [ interrupt.c ]
platform/wpc/init-wpc.o                   [ init_wpc.c ]
platform/wpc/wpc-switch.o                 [ wpc_switch.c ]
platform/wpc/wpc-lamp.o                   [ wpc_lamp.c ]
platform/wpc/wpc-sol.o                    [ wpc_sol.c ]
platform/wpc/main.o                       [ main.c ]
kernel/ac.o                               [ ac.c ]
kernel/adj.o                              [ adj.c ]
kernel/audit.o                            [ audit.c ]
kernel/csum.o                             [ csum.c ]
kernel/dmd.o                              [ dmd.c ]
kernel/error.o                            [ error.c ]
kernel/file.o                             [ file.c ]
kernel/flip.o                             [ flip.c ]
kernel/freetimer.o                        [ freetimer.c ]
kernel/init.o                             [ init.c ]
kernel/lamp.o                             [ lamp.c ]
kernel/leff.o                             [ leff.c ]
kernel/message.o                          [ message.c ]
kernel/sol.o                              [ sol.c ]
kernel/sound.o                            [ sound.c ]
kernel/switches.o                         [ switches.c ]
kernel/timer.o                            [ timer.c ]
kernel/triac.o                            [ triac.c ]
machine/dm/orbits.o                       [ orbits.c ]
machine/dm/ramps.o                        [ ramps.c ]
machine/dm/arrow_handler.o                [ arrow_handler.c ]
machine/dm/diverter_check.o               [ diverter_check.c ]
machine/dm/inlanes.o                      [ inlanes.c ]
machine/dm/skillshot.o                    [ skillshot.c ]
machine/dm/simple_switches.o              [ simple_switches.c ]
machine/dm/combos.o                       [ combos.c ]
build/sched_irq.o                         [ sched_irq.c ]
build/page52.o                            [  ]
machine/dm/museum.o                       [ museum.c ]
machine/dm/cryoprison.o                   [ cryoprison.c ]
machine/dm/demotime.o                     [ demotime.c ]
machine/dm/huxley.o                       [ huxley.c ]
machine/dm/back_in_the_fridge.o           [ back_in_the_fridge.c ]
machine/dm/dm_modes_locals.o              [ dm_modes_locals.c ]
machine/dm/jackpots.o                     [ jackpots.c ]
machine/dm/dm_ball_search.o               [ dm_ball_search.c ]
build/page53.o                            [  ]
machine/dm/eject.o                        [ eject.c ]
machine/dm/vm_handler.o                   [ vm_handler.c ]
machine/dm/kaboom.o                       [ kaboom.c ]
machine/dm/ballshot_vm.o                  [ ballshot_vm.c ]
machine/dm/simon_says.o                   [ simon_says.c ]
machine/dm/top_popper.o                   [ top_popper.c ]
machine/dm/eyeball.o                      [ eyeball.c ]
machine/dm/leffs.o                        [ leffs.c ]
machine/dm/startup_shutdown.o             [ startup_shutdown.c ]
build/page54.o                            [  ]
machine/dm/capture_simon.o                [ capture_simon.c ]
machine/dm/lock_freeze_mbstart.o          [ lock_freeze_mbstart.c ]
machine/dm/prison_break.o                 [ prison_break.c ]
machine/dm/fortress.o                     [ fortress.c ]
machine/dm/wasteland.o                    [ wasteland.c ]
machine/dm/super_jackpot_reminder.o       [ super_jackpot_reminder.c ]
machine/dm/extra_ball.o                   [ extra_ball.c ]
machine/dm/special_shots.o                [ special_shots.c ]
machine/dm/superjets.o                    [ superjets.c ]
machine/dm/acmag.o                        [ acmag.c ]
build/page55.o                            [  ]
machine/dm/car_chase_mode.o               [ car_chase_mode.c ]
machine/dm/explode.o                      [ explode.c ]
machine/dm/car_crash.o                    [ car_crash.c ]
machine/dm/underground.o                  [ underground.c ]
machine/dm/bonus.o                        [ bonus.c ]
machine/dm/cryoclaw.o                     [ cryoclaw.c ]
build/page56.o                            [  ]
common/abort.o                            [ abort.c ]
common/amode.o                            [ amode.c ]
common/ballsave.o                         [ ballsave.c ]
common/coin.o                             [ coin.c ]
common/db.o                               [ db.c ]
common/flipcode.o                         [ flipcode.c ]
common/initials.o                         [ initials.c ]
common/locale.o                           [ locale.c ]
common/optocheck.o                        [ optocheck.c ]
common/plunger.o                          [ plunger.c ]
common/reset.o                            [ reset.c ]
common/rtc.o                              [ rtc.c ]
common/serve.o                            [ serve.c ]
common/service.o                          [ service.c ]
common/start_button.o                     [ start_button.c ]
common/tilt.o                             [ tilt.c ]
common/tournament.o                       [ tournament.c ]
common/trough.o                           [ trough.c ]
common/auto_replay.o                      [ auto_replay.c ]
common/device.o                           [ device.c ]
common/diag.o                             [ diag.c ]
common/highscore.o                        [ highscore.c ]
common/knocker.o                          [ knocker.c ]
common/replay.o                           [ replay.c ]
common/search.o                           [ search.c ]
common/status.o                           [ status.c ]
common/special.o                          [ special.c ]
build/page57.o                            [  ]
common/eb.o                               [ eb.c ]
common/effect.o                           [ effect.c ]
common/effect_update.o                    [ effect_update.c ]
common/flash.o                            [ flash.c ]
common/lamptimer.o                        [ lamptimer.c ]
common/score_deff.o                       [ score_deff.c ]
common/score_deff_dmd.o                   [ score_deff_dmd.c ]
common/shootalert.o                       [ shootalert.c ]
common/sound_effect.o                     [ sound_effect.c ]
common/dmdtrans.o                         [ dmdtrans.c ]
common/dmd_rough.o                        [ dmd_rough.c ]
common/dmd_shadow.o                       [ dmd_shadow.c ]
common/dmd_overlay.o                      [ dmd_overlay.c ]
common/swinfo.o                           [ swinfo.c ]
build/page58.o                            [  ]
build/diverter_test.o                     [ diverter_test.c ]
build/elevator_test.o                     [ elevator_test.c ]
build/claw_test.o                         [ claw_test.c ]
test/window.o                             [ window.c ]
build/page59.o                            [  ]
machine/dm/standupfrenzy.o                [ standupfrenzy.c ]
machine/dm/jets.o                         [ jets.c ]
machine/dm/rollovers.o                    [ rollovers.c ]
build/callset.o                           [ callset.c ]
build/page60.o                            [  ]
build/mach-strings.o                      [ mach_strings.c ]
build/mach-lamplists.o                    [ mach_lamplists.c ]
test/format.o                             [ format.c ]
test/preset.o                             [ preset.c ]
test/swtest.o                             [ swtest.c ]
test/dmdtest.o                            [ dmdtest.c ]
test/adjust.o                             [ adjust.c ]
test/histogram.o                          [ histogram.c ]
test/timestamp.o                          [ timestamp.c ]
test/stress.o                             [ stress.c ]
test/wire.o                               [ wire.c ]
test/pricing.o                            [ pricing.c ]
test/burnin.o                             [ burnin.c ]
common/event-audit.o                      [ event_audit.c ]
build/page61.o                            [  ]
fonts/bitmap.o                            [ bitmap.c ]
fonts/bitmap8.o                           [ bitmap8.c ]
fonts/mono5.o                             [ mono5.c ]
fonts/mono9.o                             [ mono9.c ]
fonts/symbol.o                            [ symbol.c ]
fonts/tinynum.o                           [ tinynum.c ]
fonts/var5.o                              [ var5.c ]
fonts/fixed10.o                           [ fixed10.fon ]
fonts/fixed6.o                            [ fixed6.fon ]
fonts/lucida9.o                           [ lucida9.fon ]
fonts/term6.o                             [ term6.fon ]
fonts/dmgraphs.o                          [ dmgraphs.fon ]
fonts/halobold12.o                        [ halobold12.fon ]
fonts/halobold14.o                        [ halobold14.fon ]
fonts/halobold22num.o                     [ halobold22num.fon ]
fonts/free/bitcube10.o                    [ bitcube10.fon ]
/usr/local/lib/gcc/m6809-unknown-none/4.  [  ]


Libraries Linked                          [ object file ]

/usr/local/lib/gcc/m6809-unknown-none/4.  [ ./libgcc-cache/_umodhi3.o ]
/usr/local/lib/gcc/m6809-unknown-none/4.  [ ./libgcc-cache/_udivhi3.o ]
/usr/local/lib/gcc/m6809-unknown-none/4.  [ ./libgcc-cache/_mulhi3.o ]
/usr/local/lib/gcc/m6809-unknown-none/4.  [ ./libgcc-cache/_euclid.o ]

ASxxxx Linker V05.00,  page 83.

User Base Address Definitions

.text=0x10
vector=0xFFF0
direct = 0x0004
ram = 0x0100
local = 0x1400
permanent = 0x1600
nvram = 0x1810
dirtab = 0x1F00
registers = 0xFFB0
.flag = 0x0000
.globalflag = 0x0000
.freetimer = 0x0000
page52 = 0x4000
page53 = 0x4000
page54 = 0x4000
page55 = 0x4000
page56 = 0x4000
page57 = 0x4000
page58 = 0x4000
page59 = 0x4000
page60 = 0x4000
page61 = 0x4000
.text = 0x8000

